// Vitest Snapshot v1, https://vitest.dev/guide/snapshot.html

exports[`generates a person using custom generators 1`] = `
{
  "address": {
    "city": "My City",
    "state": "My State",
    "street": "My Street",
  },
  "birthday": 1926-02-23T01:59:36.229Z,
  "name": "c",
  "pets": [
    {
      "breed": "5yOQfkYfI6=kRuH^F?5BCNHft",
      "name": "mYxRp1GBY2aw",
    },
    {
      "breed": "6Qz\\\\s",
      "name": "_",
    },
    {
      "breed": "6e9",
      "name": ";l]@",
    },
  ],
  "totalVisits": 22,
}
`;
